[debug] [2026-09-20T18:00:33.531Z] ----------------------------------------------------------------------
[debug] [2026-09-20T18:00:33.556Z] Command:       C:\Program Files\nodejs\node.exe C:\Users\hp\AppData\Roaming\npm\node_modules\firebase-tools\lib\bin\firebase.js deploy --only hosting:marcos-the-grand-fleet-0
[debug] [2026-09-20T18:00:33.557Z] CLI Version:   15.30.2
[debug] [2026-09-20T18:00:33.558Z] Platform:      win32
[debug] [2026-09-20T18:00:33.558Z] Node Version:  v24.17.0
[debug] [2026-09-20T18:00:33.559Z] Detected Agent: unknown
[debug] [2026-09-20T18:00:33.559Z] Time:          Sun Sep 20 2026 23:30:33 GMT+0530 (India Standard Time)
[debug] [2026-09-20T18:00:33.559Z] ----------------------------------------------------------------------
[debug] 
[debug] [2026-09-20T18:00:40.080Z] > command requires scopes: ["email","openid","https://www.googleapis.com/auth/cloudplatformprojects.readonly","https://www.googleapis.com/auth/firebase","https://www.googleapis.com/auth/cloud-platform"]
[debug] [2026-09-20T18:00:40.081Z] > authorizing via signed-in user (melunatic70@gmail.com)
[debug] [2026-09-20T18:00:40.081Z] [iam] checking project marcos-the-grand-fleet for permissions ["firebase.projects.get","firebasehosting.sites.update"]
[debug] [2026-09-20T18:00:40.130Z] Checked if tokens are valid: false, expires at: 1789926808942
[debug] [2026-09-20T18:00:40.130Z] Checked if tokens are valid: false, expires at: 1789926808942
[debug] [2026-09-20T18:00:40.130Z] > refreshing access token with scopes: []
[debug] [2026-09-20T18:00:40.137Z] >>> [apiv2][query] POST https://www.googleapis.com/oauth2/v3/token [none]
[debug] [2026-09-20T18:00:40.137Z] >>> [apiv2][body] POST https://www.googleapis.com/oauth2/v3/token [omitted]
[debug] [2026-09-20T18:00:41.035Z] <<< [apiv2][status] POST https://www.googleapis.com/oauth2/v3/token 200
[debug] [2026-09-20T18:00:41.035Z] <<< [apiv2][body] POST https://www.googleapis.com/oauth2/v3/token [omitted]
[debug] [2026-09-20T18:00:41.086Z] >>> [apiv2][query] POST https://cloudresourcemanager.googleapis.com/v1/projects/marcos-the-grand-fleet:testIamPermissions [none]
[debug] [2026-09-20T18:00:41.087Z] >>> [apiv2][(partial)header] POST https://cloudresourcemanager.googleapis.com/v1/projects/marcos-the-grand-fleet:testIamPermissions  x-goog-user-project=marcos-the-grand-fleet
[debug] [2026-09-20T18:00:41.087Z] >>> [apiv2][body] POST https://cloudresourcemanager.googleapis.com/v1/projects/marcos-the-grand-fleet:testIamPermissions {"permissions":["firebase.projects.get","firebasehosting.sites.update"]}
